<?xml version="1.0" encoding="utf-8"?><testsuites name="pytest tests"><testsuite name="pytest" errors="0" failures="0" skipped="0" tests="586" time="100.750" timestamp="2026-03-11T17:07:33.304238+03:00" hostname="DESKTOP-1PAQAIQ"><testcase classname="tests.test_api" name="test_health_ready_endpoints" time="0.741" /><testcase classname="tests.test_api" name="test_decide_requires_api_key" time="0.219" /><testcase classname="tests.test_api" name="test_wrong_api_key_is_rejected" time="0.213" /><testcase classname="tests.test_api" name="test_reload_endpoint" time="0.253" /><testcase classname="tests.test_api" name="test_v1_predict_proba_success" time="0.230" /><testcase classname="tests.test_api" name="test_v2_decide_success_with_meta" time="0.225" /><testcase classname="tests.test_api" name="test_v2_reload_requires_admin_key" time="0.210" /><testcase classname="tests.test_api" name="test_v2_reload_success" time="0.217" /><testcase classname="tests.test_api_extended" name="test_get_serving_state_load_and_503" time="0.016" /><testcase classname="tests.test_api_extended" name="test_middleware_options_short_circuit" time="0.006" /><testcase classname="tests.test_api_extended" name="test_middleware_api_key_not_configured" time="0.006" /><testcase classname="tests.test_api_extended" name="test_middleware_unauthorized_api_key" time="0.006" /><testcase classname="tests.test_api_extended" name="test_middleware_public_private_path_matrix[/health-headers0-200]" time="0.007" /><testcase classname="tests.test_api_extended" name="test_middleware_public_private_path_matrix[/ready-headers1-200]" time="0.006" /><testcase classname="tests.test_api_extended" name="test_middleware_public_private_path_matrix[/metrics-headers2-200]" time="0.007" /><testcase classname="tests.test_api_extended" name="test_middleware_public_private_path_matrix[/dashboard-headers3-200]" time="0.007" /><testcase classname="tests.test_api_extended" name="test_middleware_public_private_path_matrix[/dashboard/api/runs-headers4-200]" time="0.006" /><testcase classname="tests.test_api_extended" name="test_middleware_public_private_path_matrix[/auth/me-headers5-200]" time="0.005" /><testcase classname="tests.test_api_extended" name="test_middleware_public_private_path_matrix[/predict_proba-headers6-401]" time="0.005" /><testcase classname="tests.test_api_extended" name="test_middleware_public_private_path_matrix[/predict_proba-headers7-200]" time="0.005" /><testcase classname="tests.test_api_extended" name="test_public_path_allowlist_env_overrides" time="0.003" /><testcase classname="tests.test_api_extended" name="test_middleware_builds_limiter_when_missing_and_rate_limits" time="0.005" /><testcase classname="tests.test_api_extended" name="test_middleware_login_bruteforce_limit" time="0.004" /><testcase classname="tests.test_api_extended" name="test_middleware_login_backoff_limit" time="0.005" /><testcase classname="tests.test_api_extended" name="test_middleware_content_length_guards" time="0.006" /><testcase classname="tests.test_api_extended" name="test_middleware_shutting_down_and_success_headers" time="0.007" /><testcase classname="tests.test_api_extended" name="test_ready_degraded_and_dashboard_redirect" time="0.003" /><testcase classname="tests.test_api_extended" name="test_predict_proba_and_decide_error_paths" time="0.003" /><testcase classname="tests.test_api_extended" name="test_reload_serving_state_admin_and_failure_paths" time="0.007" /><testcase classname="tests.test_api_extended" name="test_validate_admin_key_startup_enforces_non_dev" time="0.004" /><testcase classname="tests.test_api_extended" name="test_validate_admin_key_startup_allows_dev_without_key" time="0.003" /><testcase classname="tests.test_api_extended" name="test_exception_handlers_return_structured_error" time="0.006" /><testcase classname="tests.test_api_extended" name="test_periodic_chat_cleanup_runs_and_handles_errors" time="0.005" /><testcase classname="tests.test_api_extended" name="test_lifespan_degraded_and_shutdown_paths" time="0.008" /><testcase classname="tests.test_api_lifespan.TestIsNonProdLikeEnv" name="test_dev" time="0.003" /><testcase classname="tests.test_api_lifespan.TestIsNonProdLikeEnv" name="test_test" time="0.003" /><testcase classname="tests.test_api_lifespan.TestIsNonProdLikeEnv" name="test_production" time="0.003" /><testcase classname="tests.test_api_lifespan.TestIsNonProdLikeEnv" name="test_staging" time="0.003" /><testcase classname="tests.test_api_lifespan.TestValidateAdminKeyStartup" name="test_dev_env_no_key_ok" time="0.003" /><testcase classname="tests.test_api_lifespan.TestValidateAdminKeyStartup" name="test_prod_env_no_key_raises" time="0.003" /><testcase classname="tests.test_api_lifespan.TestValidateAdminKeyStartup" name="test_prod_env_with_key_ok" time="0.003" /><testcase classname="tests.test_api_lifespan.TestBuildRuntimeRateLimiter" name="test_returns_limiter" time="0.009" /><testcase classname="tests.test_api_lifespan.TestBuildRuntimeRateLimiter" name="test_env_override_backend" time="0.003" /><testcase classname="tests.test_api_lifespan.TestWarnMultiworkerRateLimit" name="test_single_worker_no_warning" time="0.004" /><testcase classname="tests.test_api_lifespan.TestWarnMultiworkerRateLimit" name="test_multi_worker_memory_warns" time="0.003" /><testcase classname="tests.test_api_lifespan.TestPeriodicChatCleanup" name="test_cancellation" time="0.049" /><testcase classname="tests.test_api_shared_reload" name="test_require_admin_key_enforces_when_configured" time="0.003" /><testcase classname="tests.test_api_shared_reload" name="test_require_admin_key_allows_missing_config" time="0.003" /><testcase classname="tests.test_api_shared_reload" name="test_reload_serving_state_for_app_sets_state_and_reuses_lock" time="0.004" /><testcase classname="tests.test_api_shared_unit" name="test_load_serving_state_success_with_optional_artifacts" time="0.013" /><testcase classname="tests.test_api_shared_unit" name="test_load_serving_state_ignores_invalid_lineage_json" time="0.007" /><testcase classname="tests.test_api_shared_unit" name="test_load_serving_state_policy_contract_mismatch" time="0.018" /><testcase classname="tests.test_api_shared_unit" name="test_load_serving_state_missing_model_artifact" time="0.004" /><testcase classname="tests.test_api_shared_unit" name="test_load_serving_state_missing_model_file" time="0.021" /><testcase classname="tests.test_api_shared_unit" name="test_load_serving_state_checksum_mismatch" time="0.004" /><testcase classname="tests.test_api_shared_unit" name="test_load_serving_state_feature_schema_mismatch" time="0.005" /><testcase classname="tests.test_api_shared_unit" name="test_load_serving_state_schema_contract_mismatch" time="0.007" /><testcase classname="tests.test_api_shared_unit" name="test_exec_predict_proba_success_and_size_guard" time="0.004" /><testcase classname="tests.test_api_shared_unit" name="test_exec_decide_success_and_size_guard" time="0.008" /><testcase classname="tests.test_api_shared_unit" name="test_error_response_shape" time="0.003" /><testcase classname="tests.test_api_versions" name="test_v1_get_serving_state_uses_app_state" time="0.003" /><testcase classname="tests.test_api_versions" name="test_v1_get_serving_state_loads_when_missing" time="0.003" /><testcase classname="tests.test_api_versions" name="test_v1_predict_proba_error_paths" time="0.003" /><testcase classname="tests.test_api_versions" name="test_v1_decide_error_paths" time="0.003" /><testcase classname="tests.test_api_versions" name="test_v1_reload_forbidden" time="0.004" /><testcase classname="tests.test_api_versions" name="test_v1_reload_success_and_failure" time="0.027" /><testcase classname="tests.test_api_versions" name="test_v1_model_name_helper" time="0.003" /><testcase classname="tests.test_api_versions" name="test_v1_routes_emit_rfc_deprecation_headers" time="0.017" /><testcase classname="tests.test_api_versions" name="test_v2_get_serving_state_paths" time="0.003" /><testcase classname="tests.test_api_versions" name="test_v2_predict_proba_error_paths" time="0.003" /><testcase classname="tests.test_api_versions" name="test_v2_decide_error_paths" time="0.003" /><testcase classname="tests.test_api_versions" name="test_v2_success_paths" time="0.006" /><testcase classname="tests.test_api_versions" name="test_v2_reload_failure" time="0.005" /><testcase classname="tests.test_api_versions" name="test_v2_model_name_helper" time="0.003" /><testcase classname="tests.test_api_versions" name="test_v2_explain_success_fallback_and_404" time="0.010" /><testcase classname="tests.test_calibration.TestReliabilityTable" name="test_returns_correct_number_of_bins" time="0.004" /><testcase classname="tests.test_calibration.TestReliabilityTable" name="test_all_bins_have_required_keys" time="0.004" /><testcase classname="tests.test_calibration.TestReliabilityTable" name="test_empty_bin_has_none_values" time="0.012" /><testcase classname="tests.test_calibration.TestCalibrateFrozenClassifier" name="test_sigmoid_returns_calibration_result" time="0.039" /><testcase classname="tests.test_calibration.TestCalibrateFrozenClassifier" name="test_isotonic_returns_calibration_result" time="0.031" /><testcase classname="tests.test_calibration.TestCalibrateFrozenClassifier" name="test_calibrated_model_has_predict_proba" time="0.125" /><testcase classname="tests.test_calibration.TestCalibrateFrozenClassifier" name="test_metrics_contain_reliability_bins" time="0.038" /><testcase classname="tests.test_calibration.TestCalibrateFrozenClassifier" name="test_metrics_contain_log_loss" time="0.030" /><testcase classname="tests.test_calibration.TestCalibrateFrozenClassifier" name="test_positive_rate_correct" time="0.033" /><testcase classname="tests.test_calibration.TestCalibrateFrozenClassifier" name="test_invalid_method_raises" time="0.010" /><testcase classname="tests.test_calibration.TestCalibratePrefitClassifier" name="test_backward_compat_wrapper" time="0.033" /><testcase classname="tests.test_chat" name="test_chat_session_and_message_flow" time="44.952" /><testcase classname="tests.test_chat" name="test_chat_requires_api_key" time="2.057" /><testcase classname="tests.test_chat_memory" name="test_chat_session_add_message_and_ollama_messages" time="0.004" /><testcase classname="tests.test_chat_memory" name="test_chat_session_expiry" time="0.004" /><testcase classname="tests.test_chat_memory" name="test_inmemory_store_create_get_trim_and_cleanup" time="0.004" /><testcase classname="tests.test_chat_memory" name="test_inmemory_store_expired_session_is_evicted_on_get" time="0.004" /><testcase classname="tests.test_chat_memory" name="test_redis_store_roundtrip_and_save_ttl_paths" time="0.004" /><testcase classname="tests.test_chat_memory" name="test_redis_store_invalid_payload_returns_none" time="0.004" /><testcase classname="tests.test_chat_memory" name="test_get_session_store_returns_cached_instance" time="0.004" /><testcase classname="tests.test_chat_memory" name="test_get_session_store_redis_backend_success" time="0.004" /><testcase classname="tests.test_chat_memory" name="test_get_session_store_falls_back_to_inmemory_when_redis_fails" time="0.004" /><testcase classname="tests.test_chat_memory" name="test_redis_serializer_roundtrip" time="0.004" /><testcase classname="tests.test_chat_ollama_client" name="test_get_client_lazy_init_and_aclose" time="0.005" /><testcase classname="tests.test_chat_ollama_client" name="test_chat_success_and_error" time="3.029" /><testcase classname="tests.test_chat_ollama_client" name="test_health_success_and_exception" time="0.006" /><testcase classname="tests.test_chat_ollama_client" name="test_get_ollama_client_singleton" time="0.003" /><testcase classname="tests.test_chat_orchestrator" name="test_start_session_success" time="0.004" /><testcase classname="tests.test_chat_orchestrator" name="test_send_message_missing_session_raises" time="0.004" /><testcase classname="tests.test_chat_orchestrator" name="test_send_message_with_text_retrieval" time="0.004" /><testcase classname="tests.test_chat_orchestrator" name="test_send_message_fallback_to_customer_retrieval" time="0.004" /><testcase classname="tests.test_chat_orchestrator" name="test_ask_llm_valid_retry_fallback_and_exception" time="0.006" /><testcase classname="tests.test_chat_orchestrator" name="test_quick_actions_and_summary_paths" time="0.007" /><testcase classname="tests.test_chat_orchestrator" name="test_get_orchestrator_singleton" time="0.003" /><testcase classname="tests.test_chat_pipeline" name="test_build_customer_context_risk_levels_and_summary_paths" time="0.003" /><testcase classname="tests.test_chat_pipeline" name="test_validate_response_and_fallback_variants" time="0.003" /><testcase classname="tests.test_chat_router" name="test_chat_health_ok_and_degraded" time="0.006" /><testcase classname="tests.test_chat_router" name="test_start_session_success_and_error" time="0.006" /><testcase classname="tests.test_chat_router" name="test_message_success_404_and_500" time="0.006" /><testcase classname="tests.test_chat_router" name="test_summary_success_and_404" time="0.005" /><testcase classname="tests.test_chat_router" name="test_knowledge_admin_key_guard" time="0.004" /><testcase classname="tests.test_chat_router" name="test_knowledge_ingest_and_stats" time="0.006" /><testcase classname="tests.test_cli_evaluate.TestCmdEvaluate" name="test_raises_if_no_model_registry" time="0.066" /><testcase classname="tests.test_cli_evaluate.TestCmdEvaluate" name="test_raises_if_no_loadable_models" time="0.013" /><testcase classname="tests.test_cli_evaluate.TestCmdEvaluate" name="test_cmd_evaluate_success" time="5.649" /><testcase classname="tests.test_cli_evaluate.TestCmdEvaluate" name="test_cmd_evaluate_resolves_latest_run" time="3.796" /><testcase classname="tests.test_cli_evaluate_extended" name="test_cmd_evaluate_no_policy_branch" time="0.009" /><testcase classname="tests.test_cli_evaluate_extended" name="test_generate_explainability_import_error_and_missing_champion" time="0.007" /><testcase classname="tests.test_cli_evaluate_extended" name="test_generate_explainability_success_and_shap_exception" time="0.008" /><testcase classname="tests.test_cli_explain.TestCmdExplain" name="test_raises_if_no_policy_found" time="0.009" /><testcase classname="tests.test_cli_explain.TestCmdExplain" name="test_raises_if_no_artifact_in_policy" time="0.009" /><testcase classname="tests.test_cli_explain.TestCmdExplain" name="test_raises_if_model_file_missing" time="0.010" /><testcase classname="tests.test_cli_explain.TestCmdExplain" name="test_cmd_explain_success_with_permutation" time="0.021" /><testcase classname="tests.test_cli_explain.TestCmdExplain" name="test_cmd_explain_resolves_latest_run" time="0.021" /><testcase classname="tests.test_cli_helpers" name="test_run_id_and_latest_helpers" time="0.013" /><testcase classname="tests.test_cli_helpers" name="test_resolve_latest_run_id_missing_raises" time="0.005" /><testcase classname="tests.test_cli_helpers" name="test_copy_safe_load_and_read_input_dataset" time="0.010" /><testcase classname="tests.test_cli_helpers" name="test_append_dead_letter_writes_jsonl" time="0.011" /><testcase classname="tests.test_cli_helpers" name="test_notify_webhook_no_url_is_noop" time="0.004" /><testcase classname="tests.test_cli_helpers" name="test_notify_webhook_success" time="0.004" /><testcase classname="tests.test_cli_helpers" name="test_notify_webhook_retries_and_writes_dlq" time="0.022" /><testcase classname="tests.test_cli_helpers" name="test_pick_best_policy_no_valid_candidate" time="0.004" /><testcase classname="tests.test_cli_helpers" name="test_pick_best_policy_tie_breaks_with_preference" time="0.003" /><testcase classname="tests.test_cli_helpers" name="test_build_policy_payload" time="0.004" /><testcase classname="tests.test_cli_hpo.TestCmdHpo" name="test_raises_if_dataset_missing" time="0.010" /><testcase classname="tests.test_cli_hpo.TestCmdHpo" name="test_cmd_hpo_success" time="0.019" /><testcase classname="tests.test_cli_hpo.TestCmdHpo" name="test_cmd_hpo_generates_run_id_if_none" time="0.019" /><testcase classname="tests.test_cli_hpo.TestCmdHpo" name="test_cmd_hpo_writes_report_to_run_dir" time="0.023" /><testcase classname="tests.test_cli_hpo.TestCmdHpo" name="test_cmd_hpo_passes_n_trials_to_run_hpo" time="0.023" /><testcase classname="tests.test_cli_monitor.TestCmdMonitor" name="test_raises_on_policy_version_mismatch" time="0.010" /><testcase classname="tests.test_cli_monitor.TestCmdMonitor" name="test_raises_if_no_model_artifact_in_policy" time="0.009" /><testcase classname="tests.test_cli_monitor.TestCmdMonitor" name="test_cmd_monitor_success_no_input" time="0.054" /><testcase classname="tests.test_cli_monitor.TestCmdMonitor" name="test_cmd_monitor_any_alert_triggers_webhook" time="0.045" /><testcase classname="tests.test_cli_monitor_extended" name="test_cmd_monitor_relative_paths_and_optional_branches" time="0.017" /><testcase classname="tests.test_cli_policy.TestCmdPromotePolicy" name="test_raises_if_run_policy_not_found" time="0.020" /><testcase classname="tests.test_cli_policy.TestCmdPromotePolicy" name="test_raises_on_invalid_slot" time="0.008" /><testcase classname="tests.test_cli_policy.TestCmdPromotePolicy" name="test_promote_to_default_slot" time="0.029" /><testcase classname="tests.test_cli_policy.TestCmdPromotePolicy" name="test_promote_creates_backup_if_existing" time="0.013" /><testcase classname="tests.test_cli_policy.TestCmdPromotePolicy" name="test_promote_to_blue_slot" time="0.011" /><testcase classname="tests.test_cli_policy.TestCmdPromotePolicy" name="test_promote_to_green_slot" time="0.011" /><testcase classname="tests.test_cli_policy.TestCmdRollbackPolicy" name="test_raises_if_no_backup" time="0.007" /><testcase classname="tests.test_cli_policy.TestCmdRollbackPolicy" name="test_raises_on_invalid_slot" time="0.006" /><testcase classname="tests.test_cli_policy.TestCmdRollbackPolicy" name="test_rollback_restores_backup" time="0.010" /><testcase classname="tests.test_cli_policy.TestCmdRetryWebhookDlq" name="test_returns_zeros_if_no_dlq_file" time="0.006" /><testcase classname="tests.test_cli_policy.TestCmdRetryWebhookDlq" name="test_raises_if_no_url_and_no_env" time="0.009" /><testcase classname="tests.test_cli_policy.TestCmdRetryWebhookDlq" name="test_returns_zeros_on_empty_dlq_file" time="0.006" /><testcase classname="tests.test_cli_policy.TestCmdRetryWebhookDlq" name="test_successful_retry_removes_from_dlq" time="0.010" /><testcase classname="tests.test_cli_policy.TestCmdRetryWebhookDlq" name="test_failed_retry_keeps_in_dlq" time="0.009" /><testcase classname="tests.test_cli_predict.TestCmdPredict" name="test_raises_on_policy_version_mismatch" time="0.009" /><testcase classname="tests.test_cli_predict.TestCmdPredict" name="test_raises_if_model_artifact_missing" time="0.006" /><testcase classname="tests.test_cli_predict.TestCmdPredict" name="test_raises_on_checksum_mismatch" time="0.007" /><testcase classname="tests.test_cli_predict.TestCmdPredict" name="test_cmd_predict_success" time="0.014" /><testcase classname="tests.test_cli_predict.TestCmdPredict" name="test_cmd_predict_no_artifact_in_policy_raises" time="0.007" /><testcase classname="tests.test_cli_predict.TestCmdPredict" name="test_cmd_predict_resolves_relative_input_path" time="0.031" /><testcase classname="tests.test_cli_predict.TestCmdPredict" name="test_cmd_predict_feature_schema_mismatch_raises" time="0.025" /><testcase classname="tests.test_cli_preprocess.TestCmdPreprocess" name="test_raises_if_raw_csv_missing" time="0.008" /><testcase classname="tests.test_cli_preprocess.TestCmdPreprocess" name="test_cmd_preprocess_success" time="0.043" /><testcase classname="tests.test_cli_preprocess.TestCmdPreprocess" name="test_stale_data_hard_fail_raises" time="0.143" /><testcase classname="tests.test_cli_preprocess.TestCmdPreprocess" name="test_duplicate_hard_fail_raises" time="0.013" /><testcase classname="tests.test_cli_preprocess_extended" name="test_preprocess_staleness_hard_fail_raises" time="0.028" /><testcase classname="tests.test_cli_preprocess_extended" name="test_preprocess_staleness_soft_fail_and_duplicate_soft_fail" time="0.008" /><testcase classname="tests.test_cli_preprocess_extended" name="test_preprocess_duplicate_warn_branch" time="0.008" /><testcase classname="tests.test_cli_preprocess_extended" name="test_preprocess_duplicate_hard_fail_branch" time="0.006" /><testcase classname="tests.test_cli_preprocess_extended" name="test_preprocess_validation_profile_failure_raises" time="0.007" /><testcase classname="tests.test_cli_preprocess_extended" name="test_preprocess_lineage_expected_rows_from_previous_run" time="0.009" /><testcase classname="tests.test_cli_preprocess_extended" name="test_preprocess_lineage_invalid_json_falls_back_to_current_len" time="0.009" /><testcase classname="tests.test_cli_serve" name="test_cmd_serve_api_uses_defaults" time="0.004" /><testcase classname="tests.test_cli_serve" name="test_cmd_serve_api_uses_overrides" time="0.004" /><testcase classname="tests.test_cli_train.TestLoadSplits" name="test_loads_persisted_splits_when_all_exist" time="0.025" /><testcase classname="tests.test_cli_train.TestLoadSplits" name="test_falls_back_to_in_memory_split_if_missing" time="0.027" /><testcase classname="tests.test_cli_train.TestLoadSplits" name="test_fallback_raises_if_no_dataset_either" time="0.006" /><testcase classname="tests.test_cli_train.TestCmdTrain" name="test_cmd_train_returns_run_id" time="0.047" /><testcase classname="tests.test_cli_train.TestCmdTrain" name="test_cmd_train_generates_run_id_if_none" time="0.043" /><testcase classname="tests.test_cli_train.TestCmdTrain" name="test_cmd_train_no_models_raises" time="0.031" /><testcase classname="tests.test_cli_train_extended2" name="test_cmd_train_validation_profile_fail" time="0.005" /><testcase classname="tests.test_cli_train_extended2" name="test_cmd_train_calibration_metrics_error_schema_contract_and_importance" time="0.007" /><testcase classname="tests.test_cli_train_extended2" name="test_cmd_train_importance_coef_fallback_on_feature_name_error" time="0.008" /><testcase classname="tests.test_cli_train_extended2" name="test_cmd_train_importance_no_supported_attrs" time="0.009" /><testcase classname="tests.test_cli_train_extended2" name="test_cmd_train_importance_coef_with_no_preprocessor" time="0.008" /><testcase classname="tests.test_cli_train_extended2" name="test_cmd_train_importance_outer_exception_is_swallowed" time="0.009" /><testcase classname="tests.test_cli_train_extended2" name="test_cmd_train_marks_latest_model_registry_as_relative_path" time="0.011" /><testcase classname="tests.test_config" name="test_validation_policy_for_env_profiles" time="0.004" /><testcase classname="tests.test_config" name="test_validation_policy_for_phase_profiles" time="0.004" /><testcase classname="tests.test_config" name="test_load_experiment_config_missing_file_returns_defaults" time="0.004" /><testcase classname="tests.test_config" name="test_load_experiment_config_default_path_executes" time="0.022" /><testcase classname="tests.test_config" name="test_load_experiment_config_yaml_importerror_returns_defaults" time="0.004" /><testcase classname="tests.test_config" name="test_load_experiment_config_yaml_parse_error_returns_defaults" time="0.006" /><testcase classname="tests.test_config" name="test_load_experiment_config_success" time="0.007" /><testcase classname="tests.test_cost_matrix" name="test_compute_profit_from_confusion_basic" time="0.003" /><testcase classname="tests.test_cost_matrix" name="test_profit_sweep_with_constraint_respects_rate" time="0.741" /><testcase classname="tests.test_cost_matrix" name="test_profit_sweep_unconstrained_returns_rows" time="0.007" /><testcase classname="tests.test_cost_matrix" name="test_profit_sweep_quantile_fallback_path" time="0.006" /><testcase classname="tests.test_cost_matrix" name="test_default_cost_matrix_example_values" time="0.003" /><testcase classname="tests.test_dashboard" name="test_dashboard_api_requires_login" time="0.433" /><testcase classname="tests.test_dashboard" name="test_dashboard_overview_returns_train_and_test_metrics" time="0.679" /><testcase classname="tests.test_dashboard" name="test_dashboard_runs_returns_available_runs" time="0.654" /><testcase classname="tests.test_dashboard" name="test_dashboard_db_status_returns_connection_info" time="0.621" /><testcase classname="tests.test_dashboard_auth_unit" name="test_auth_enabled_variants" time="0.003" /><testcase classname="tests.test_dashboard_auth_unit" name="test_get_users_requires_explicit_admin_password" time="0.003" /><testcase classname="tests.test_dashboard_auth_unit" name="test_get_users_allows_insecure_login_only_with_flag" time="0.003" /><testcase classname="tests.test_dashboard_auth_unit" name="test_get_users_rejects_placeholder_in_prod" time="0.003" /><testcase classname="tests.test_dashboard_auth_unit" name="test_get_users_placeholder_in_dev_warns" time="0.004" /><testcase classname="tests.test_dashboard_auth_unit" name="test_get_users_missing_admin_in_prod_raises" time="0.003" /><testcase classname="tests.test_dashboard_auth_unit" name="test_get_users_invalid_extra_users_json_is_ignored" time="0.003" /><testcase classname="tests.test_dashboard_auth_unit" name="test_get_users_merges_legacy_and_extra_users" time="0.004" /><testcase classname="tests.test_dashboard_auth_unit" name="test_verify_credentials_plaintext" time="0.466" /><testcase classname="tests.test_dashboard_auth_unit" name="test_verify_credentials_bcrypt" time="1.087" /><testcase classname="tests.test_dashboard_auth_unit" name="test_verify_credentials_bcrypt_exception_returns_false" time="0.006" /><testcase classname="tests.test_dashboard_auth_unit" name="test_token_ttl_and_parse_bearer" time="0.003" /><testcase classname="tests.test_dashboard_auth_unit" name="test_cleanup_expired_tokens_variants" time="0.003" /><testcase classname="tests.test_dashboard_auth_unit" name="test_redis_helper_roundtrip" time="0.004" /><testcase classname="tests.test_dashboard_auth_unit" name="test_redis_get_token_invalid_json" time="0.003" /><testcase classname="tests.test_dashboard_auth_unit" name="test_redis_enforce_user_limit_evicts_oldest" time="0.003" /><testcase classname="tests.test_dashboard_auth_unit" name="test_dashboard_login_auth_disabled" time="0.004" /><testcase classname="tests.test_dashboard_auth_unit" name="test_dashboard_login_invalid_credentials" time="0.004" /><testcase classname="tests.test_dashboard_auth_unit" name="test_dashboard_login_in_memory_evicts_oldest" time="0.004" /><testcase classname="tests.test_dashboard_auth_unit" name="test_dashboard_login_in_memory_capacity_full" time="0.004" /><testcase classname="tests.test_dashboard_auth_unit" name="test_dashboard_login_redis_path" time="0.006" /><testcase classname="tests.test_dashboard_auth_unit" name="test_require_dashboard_user_paths" time="0.004" /><testcase classname="tests.test_dashboard_auth_unit" name="test_require_dashboard_user_redis_path" time="0.004" /><testcase classname="tests.test_dashboard_auth_unit" name="test_dashboard_logout_and_me" time="0.005" /><testcase classname="tests.test_dashboard_auth_unit" name="test_login_guard_progressive_backoff_and_lockout" time="0.004" /><testcase classname="tests.test_dashboard_auth_unit" name="test_dashboard_login_blocked_by_guard" time="0.003" /><testcase classname="tests.test_dashboard_auth_unit" name="test_dashboard_refresh_rotates_in_memory_token" time="0.004" /><testcase classname="tests.test_dashboard_auth_unit" name="test_dashboard_revoke_device_and_force_logout" time="0.003" /><testcase classname="tests.test_dashboard_auth_unit" name="test_dashboard_logout_all_revokes_current_and_other_tokens" time="0.003" /><testcase classname="tests.test_dashboard_auth_unit" name="test_get_redis_client_short_circuits_when_cached" time="0.003" /><testcase classname="tests.test_dashboard_auth_unit" name="test_get_redis_client_import_and_ping_failure_falls_back" time="0.003" /><testcase classname="tests.test_dashboard_extended" name="test_read_json_and_run_dirs" time="0.006" /><testcase classname="tests.test_dashboard_extended" name="test_detect_latest_run_id" time="0.007" /><testcase classname="tests.test_dashboard_extended" name="test_load_snapshot_success_and_missing_run" time="0.020" /><testcase classname="tests.test_dashboard_extended" name="test_mask_database_url" time="0.003" /><testcase classname="tests.test_dashboard_extended" name="test_init_dashboard_store_and_persist_snapshot_branches" time="0.004" /><testcase classname="tests.test_dashboard_extended" name="test_dashboard_cache_namespace_invalidation" time="0.003" /><testcase classname="tests.test_dashboard_extended" name="test_dashboard_runs_and_db_status_error_paths" time="0.004" /><testcase classname="tests.test_dashboard_extended" name="test_dashboard_monitoring_paths" time="0.011" /><testcase classname="tests.test_dashboard_extended" name="test_dashboard_explain_paths" time="0.009" /><testcase classname="tests.test_dashboard_extended" name="test_dashboard_system_degraded" time="0.019" /><testcase classname="tests.test_dashboard_extended" name="test_dashboard_system_all_ok" time="0.026" /><testcase classname="tests.test_dashboard_store.TestUpsertSnapshot" name="test_insert_and_list" time="0.094" /><testcase classname="tests.test_dashboard_store.TestUpsertSnapshot" name="test_upsert_replaces" time="0.030" /><testcase classname="tests.test_dashboard_store.TestUpsertSnapshot" name="test_multiple_runs" time="0.040" /><testcase classname="tests.test_dashboard_store.TestUpsertSnapshot" name="test_list_respects_limit" time="0.052" /><testcase classname="tests.test_dashboard_store.TestListRuns" name="test_empty_store" time="0.018" /><testcase classname="tests.test_dashboard_store.TestListRuns" name="test_returns_expected_keys" time="0.030" /><testcase classname="tests.test_dashboard_store.TestListRuns" name="test_ordered_by_most_recent" time="0.031" /><testcase classname="tests.test_dashboard_store.TestCreateSchema" name="test_idempotent" time="0.027" /><testcase classname="tests.test_data_validation.TestRawSchema" name="test_valid_data_passes" time="0.147" /><testcase classname="tests.test_data_validation.TestRawSchema" name="test_negative_lead_time_fails" time="0.104" /><testcase classname="tests.test_data_validation.TestRawSchema" name="test_invalid_hotel_fails" time="0.103" /><testcase classname="tests.test_data_validation.TestRawSchema" name="test_invalid_target_label_fails" time="0.089" /><testcase classname="tests.test_data_validation.TestRawSchema" name="test_extra_columns_allowed" time="0.076" /><testcase classname="tests.test_data_validation.TestRawSchema" name="test_raises_on_error" time="0.090" /><testcase classname="tests.test_data_validation.TestProcessedSchema" name="test_valid_processed_data" time="0.013" /><testcase classname="tests.test_data_validation.TestProcessedSchema" name="test_invalid_target_type" time="0.026" /><testcase classname="tests.test_data_validation.TestInferenceSchema" name="test_valid_payload" time="0.009" /><testcase classname="tests.test_data_validation.TestDistributions" name="test_no_drift" time="0.004" /><testcase classname="tests.test_data_validation.TestDistributions" name="test_mean_drift_detected" time="0.003" /><testcase classname="tests.test_data_validation.TestDistributions" name="test_missing_column" time="0.004" /><testcase classname="tests.test_data_validation.TestDistributions" name="test_generate_reference_stats" time="0.007" /><testcase classname="tests.test_data_validation" name="test_validation_performance_budget" time="0.047" /><testcase classname="tests.test_data_validation_extended" name="test_detect_row_anomalies_and_duplicates" time="0.007" /><testcase classname="tests.test_data_validation_extended" name="test_assert_no_nans_after_imputation" time="0.004" /><testcase classname="tests.test_data_validation_extended" name="test_label_and_category_checks" time="0.005" /><testcase classname="tests.test_data_validation_extended" name="test_validate_output_volume_and_row_counts" time="0.004" /><testcase classname="tests.test_data_validation_extended" name="test_check_data_staleness" time="0.003" /><testcase classname="tests.test_data_validation_extended" name="test_schema_fingerprint_with_stats" time="0.004" /><testcase classname="tests.test_data_validation_extended" name="test_distribution_processed_and_inference_error_paths" time="0.032" /><testcase classname="tests.test_data_validation_extended" name="test_correlation_and_training_serving_skew" time="0.009" /><testcase classname="tests.test_data_validation_extended" name="test_importance_categories_psi_and_js" time="0.008" /><testcase classname="tests.test_data_validation_extended" name="test_reference_correlations_generation" time="0.009" /><testcase classname="tests.test_data_validation_extended" name="test_run_validation_profile_default_policy" time="0.014" /><testcase classname="tests.test_data_validation_extended" name="test_run_validation_profile_severity_buckets" time="0.014" /><testcase classname="tests.test_db_bootstrap.TestRunMigrations" name="test_applies_migrations_sqlite" time="0.091" /><testcase classname="tests.test_db_bootstrap.TestRunMigrations" name="test_missing_alembic_ini_raises" time="0.004" /><testcase classname="tests.test_db_bootstrap.TestEnsureRequiredTables" name="test_raises_when_tables_missing" time="0.004" /><testcase classname="tests.test_db_bootstrap.TestEnsureRequiredTables" name="test_passes_with_custom_empty_list" time="0.006" /><testcase classname="tests.test_db_bootstrap.TestEnsureRequiredTables" name="test_passes_after_migrations" time="0.097" /><testcase classname="tests.test_db_bootstrap.TestRequiredTablesConstant" name="test_contains_core_tables" time="0.003" /><testcase classname="tests.test_db_bootstrap.TestRequiredTablesConstant" name="test_is_tuple" time="0.003" /><testcase classname="tests.test_db_bootstrap.TestRequiredTablesFlags" name="test_default_includes_optional_tables" time="0.003" /><testcase classname="tests.test_db_bootstrap.TestRequiredTablesFlags" name="test_flags_can_disable_optional_tables" time="0.003" /><testcase classname="tests.test_db_bootstrap.TestRequiredTablesFlags" name="test_optional_flag_map_contains_known_tables" time="0.003" /><testcase classname="tests.test_evaluate" name="test_evaluate_binary_classifier_writes_metrics" time="0.014" /><testcase classname="tests.test_evaluate" name="test_sweep_thresholds_rule_mode_precision_given_recall" time="0.026" /><testcase classname="tests.test_evaluate" name="test_sweep_thresholds_default_thresholds_and_recall_given_precision" time="0.140" /><testcase classname="tests.test_evaluate" name="test_sweep_thresholds_rule_validation_errors[kwargs0]" time="0.006" /><testcase classname="tests.test_evaluate" name="test_sweep_thresholds_rule_validation_errors[kwargs1]" time="0.006" /><testcase classname="tests.test_evaluate" name="test_sweep_thresholds_rule_no_candidate" time="0.036" /><testcase classname="tests.test_evaluate_rollback_script" name="test_no_report_defaults_to_no_rollback" time="0.102" /><testcase classname="tests.test_evaluate_rollback_script" name="test_profit_drop_without_ops_correlation_does_not_trigger_rollback" time="0.102" /><testcase classname="tests.test_evaluate_rollback_script" name="test_correlated_signals_trigger_rollback" time="0.098" /><testcase classname="tests.test_evaluate_rollback_script" name="test_data_volume_anomaly_does_not_trigger_rollback" time="0.104" /><testcase classname="tests.test_evaluate_rollback_script" name="test_missing_ops_signals_blocks_rollback_even_with_model_alert" time="0.103" /><testcase classname="tests.test_evaluate_rollback_script" name="test_fail_on_rollback_returns_42" time="0.111" /><testcase classname="tests.test_evaluate_rollback_script" name="test_github_output_written" time="0.167" /><testcase classname="tests.test_experiment_tracking.TestExperimentTrackerInactive" name="test_tracker_inactive_by_default" time="1.491" /><testcase classname="tests.test_experiment_tracking.TestExperimentTrackerInactive" name="test_start_run_noop_when_inactive" time="0.005" /><testcase classname="tests.test_experiment_tracking.TestExperimentTrackerInactive" name="test_log_param_noop_when_inactive" time="0.005" /><testcase classname="tests.test_experiment_tracking.TestExperimentTrackerInactive" name="test_log_params_noop_when_inactive" time="0.005" /><testcase classname="tests.test_experiment_tracking.TestExperimentTrackerInactive" name="test_log_metric_noop_when_inactive" time="0.005" /><testcase classname="tests.test_experiment_tracking.TestExperimentTrackerInactive" name="test_log_metrics_noop_when_inactive" time="0.004" /><testcase classname="tests.test_experiment_tracking.TestExperimentTrackerInactive" name="test_log_artifact_noop_when_inactive" time="0.004" /><testcase classname="tests.test_experiment_tracking.TestExperimentTrackerInactive" name="test_log_model_noop_when_inactive" time="0.005" /><testcase classname="tests.test_experiment_tracking.TestExperimentTrackerInactive" name="test_set_tag_noop_when_inactive" time="0.005" /><testcase classname="tests.test_experiment_tracking.TestExperimentTrackerActive" name="test_tracker_active_with_uri" time="0.009" /><testcase classname="tests.test_experiment_tracking.TestExperimentTrackerActive" name="test_log_params_called_when_active" time="0.010" /><testcase classname="tests.test_experiment_tracking.TestExperimentTrackerActive" name="test_log_metric_called_when_active" time="0.009" /><testcase classname="tests.test_experiment_tracking.TestExperimentTrackerActive" name="test_log_metrics_called_when_active" time="0.009" /><testcase classname="tests.test_experiment_tracking.TestExperimentTrackerActive" name="test_log_artifact_called_when_active" time="0.009" /><testcase classname="tests.test_experiment_tracking.TestExperimentTrackerActive" name="test_log_model_called_when_active" time="0.009" /><testcase classname="tests.test_experiment_tracking.TestExperimentTrackerActive" name="test_set_tag_called_when_active" time="0.009" /><testcase classname="tests.test_experiment_tracking.TestExperimentTrackerActive" name="test_log_params_exception_does_not_raise" time="0.009" /><testcase classname="tests.test_experiment_tracking.TestExperimentTrackerActive" name="test_log_metric_exception_does_not_raise" time="0.010" /><testcase classname="tests.test_experiment_tracking.TestExperimentTrackerActive" name="test_start_run_uses_mlflow_start_run" time="0.135" /><testcase classname="tests.test_experiment_tracking.TestExperimentTrackerActive" name="test_params_truncated_to_250_chars" time="0.009" /><testcase classname="tests.test_experiment_tracking_extended" name="test_tracker_init_importerror_branch" time="0.004" /><testcase classname="tests.test_experiment_tracking_extended" name="test_active_tracker_swallow_exceptions_for_all_loggers" time="0.010" /><testcase classname="tests.test_explain.TestComputePermutationImportance" name="test_returns_expected_structure" time="0.068" /><testcase classname="tests.test_explain.TestComputePermutationImportance" name="test_ranking_has_expected_keys" time="0.053" /><testcase classname="tests.test_explain.TestComputePermutationImportance" name="test_ranking_sorted_descending" time="0.057" /><testcase classname="tests.test_explain.TestComputePermutationImportance" name="test_all_features_included" time="0.052" /><testcase classname="tests.test_explain.TestAggregateShapToOriginal" name="test_numeric_feature_maps_directly" time="0.012" /><testcase classname="tests.test_explain.TestAggregateShapToOriginal" name="test_ohe_features_aggregated_to_original" time="0.003" /><testcase classname="tests.test_explain.TestAggregateShapToOriginal" name="test_unmatched_feature_logged_debug" time="0.004" /><testcase classname="tests.test_explain.TestComputeShapValues" name="test_returns_none_when_shap_not_installed" time="0.012" /><testcase classname="tests.test_explain.TestComputeShapValues" name="test_returns_none_when_model_not_pipeline" time="0.006" /><testcase classname="tests.test_explain.TestComputeShapValues" name="test_returns_none_on_shap_exception" time="0.017" /><testcase classname="tests.test_explain.TestComputeShapValues" name="test_returns_dict_with_mocked_shap" time="0.020" /><testcase classname="tests.test_explain.TestComputeShapValues" name="test_tree_shap_list_output_and_feature_name_fallback" time="0.007" /><testcase classname="tests.test_explain.TestComputeShapValues" name="test_kernel_shap_list_output_path" time="0.007" /><testcase classname="tests.test_explain.TestSaveExplainabilityReport" name="test_saves_json_file" time="0.005" /><testcase classname="tests.test_explain.TestSaveExplainabilityReport" name="test_creates_parent_dirs" time="0.005" /><testcase classname="tests.test_explain.TestExplainabilityConsistency" name="test_permutation_importance_statistical_stability" time="0.337" /><testcase classname="tests.test_explain.TestExplainabilityConsistency" name="test_permutation_and_shap_ranking_consistency_with_kernel_stub" time="0.140" /><testcase classname="tests.test_features" name="test_feature_engineer_fit_transform_and_feature_names" time="0.014" /><testcase classname="tests.test_features" name="test_feature_engineer_feature_names_before_fit_returns_none" time="0.004" /><testcase classname="tests.test_features" name="test_feature_spec_roundtrip_and_infer" time="0.005" /><testcase classname="tests.test_features" name="test_build_preprocessor_handles_fe_columns" time="0.023" /><testcase classname="tests.test_guest_store.TestCreateGuest" name="test_basic_create" time="0.029" /><testcase classname="tests.test_guest_store.TestCreateGuest" name="test_create_with_risk_score" time="0.031" /><testcase classname="tests.test_guest_store.TestListGuests" name="test_list_empty" time="0.025" /><testcase classname="tests.test_guest_store.TestListGuests" name="test_list_returns_all" time="0.035" /><testcase classname="tests.test_guest_store.TestListGuests" name="test_list_respects_limit" time="0.046" /><testcase classname="tests.test_guest_store.TestListGuests" name="test_list_search_by_name" time="0.038" /><testcase classname="tests.test_guest_store.TestGetGuest" name="test_found" time="0.031" /><testcase classname="tests.test_guest_store.TestGetGuest" name="test_not_found" time="0.045" /><testcase classname="tests.test_guest_store.TestCountGuests" name="test_count_empty" time="0.022" /><testcase classname="tests.test_guest_store.TestCountGuests" name="test_count_with_search" time="0.038" /><testcase classname="tests.test_guest_store.TestDeleteGuest" name="test_delete_existing" time="0.036" /><testcase classname="tests.test_guest_store.TestDeleteGuest" name="test_delete_nonexistent" time="0.022" /><testcase classname="tests.test_guest_store.TestModuleLevel" name="test_get_without_init_raises" time="0.004" /><testcase classname="tests.test_guest_store.TestModuleLevel" name="test_init_and_get" time="0.007" /><testcase classname="tests.test_guests" name="test_create_guest_returns_201" time="0.379" /><testcase classname="tests.test_guests" name="test_create_guest_includes_risk_fields" time="0.313" /><testcase classname="tests.test_guests" name="test_create_guest_requires_api_key" time="0.195" /><testcase classname="tests.test_guests" name="test_create_guest_validates_required_fields" time="0.195" /><testcase classname="tests.test_guests" name="test_create_guest_invalid_email_returns_422" time="0.211" /><testcase classname="tests.test_guests" name="test_create_guest_invalid_bounds_returns_422" time="0.236" /><testcase classname="tests.test_guests" name="test_create_guest_invalid_enum_returns_422" time="0.189" /><testcase classname="tests.test_guests" name="test_create_guest_minimal_fields_only" time="0.308" /><testcase classname="tests.test_guests" name="test_list_guests_returns_list" time="0.548" /><testcase classname="tests.test_guests" name="test_list_guests_search_filter" time="0.392" /><testcase classname="tests.test_guests" name="test_list_guests_pagination" time="0.683" /><testcase classname="tests.test_guests" name="test_list_guests_requires_api_key" time="0.193" /><testcase classname="tests.test_guests" name="test_get_guest_by_id" time="0.295" /><testcase classname="tests.test_guests" name="test_get_guest_not_found" time="0.192" /><testcase classname="tests.test_guests" name="test_get_guest_requires_api_key" time="0.198" /><testcase classname="tests.test_guests" name="test_update_guest_personal_info" time="0.301" /><testcase classname="tests.test_guests" name="test_update_guest_booking_fields_recalculates_risk" time="0.403" /><testcase classname="tests.test_guests" name="test_update_guest_not_found" time="0.207" /><testcase classname="tests.test_guests" name="test_update_guest_empty_payload_returns_400" time="0.315" /><testcase classname="tests.test_guests" name="test_update_guest_requires_api_key" time="0.206" /><testcase classname="tests.test_guests" name="test_delete_guest" time="0.345" /><testcase classname="tests.test_guests" name="test_delete_guest_not_found" time="0.221" /><testcase classname="tests.test_guests" name="test_delete_guest_requires_api_key" time="0.205" /><testcase classname="tests.test_guests" name="test_guests_store_unavailable_returns_503" time="0.232" /><testcase classname="tests.test_guests" name="test_create_multiple_guests_different_ids" time="0.405" /><testcase classname="tests.test_guests" name="test_created_at_and_updated_at_present" time="0.315" /><testcase classname="tests.test_hpo.TestDetectBestModelType" name="test_returns_xgboost_when_available" time="0.006" /><testcase classname="tests.test_hpo.TestDetectBestModelType" name="test_falls_back_to_lightgbm_when_no_xgboost" time="0.007" /><testcase classname="tests.test_hpo.TestDetectBestModelType" name="test_falls_back_to_histgb_when_no_gbm" time="0.006" /><testcase classname="tests.test_hpo.TestGetSearchSpace" name="test_xgboost_search_space_has_expected_keys" time="0.008" /><testcase classname="tests.test_hpo.TestGetSearchSpace" name="test_lightgbm_search_space_has_expected_keys" time="0.007" /><testcase classname="tests.test_hpo.TestGetSearchSpace" name="test_histgb_search_space_has_expected_keys" time="0.007" /><testcase classname="tests.test_hpo.TestBuildEstimator" name="test_builds_xgboost_classifier" time="0.005" /><testcase classname="tests.test_hpo.TestBuildEstimator" name="test_builds_histgb_classifier" time="0.006" /><testcase classname="tests.test_hpo.TestBuildEstimator" name="test_builds_lightgbm_classifier_with_stub" time="0.006" /><testcase classname="tests.test_hpo.TestRunHPO" name="test_raises_import_error_without_optuna" time="0.008" /><testcase classname="tests.test_hpo.TestRunHPO" name="test_run_hpo_returns_hpo_result" time="0.012" /><testcase classname="tests.test_hpo.TestRunHPO" name="test_run_hpo_calls_optimize_with_n_trials" time="0.010" /><testcase classname="tests.test_hpo.TestRunHPO" name="test_run_hpo_detects_model_type_automatically" time="0.010" /><testcase classname="tests.test_hpo.TestRunHPO" name="test_run_hpo_executes_objective_with_cv_path" time="0.011" /><testcase classname="tests.test_io.TestWriteParquet" name="test_creates_file" time="0.008" /><testcase classname="tests.test_io.TestWriteParquet" name="test_creates_parent_dirs" time="0.008" /><testcase classname="tests.test_io.TestWriteParquet" name="test_preserves_columns_and_rows" time="0.011" /><testcase classname="tests.test_io.TestReadParquet" name="test_roundtrip_equals_original" time="0.012" /><testcase classname="tests.test_io.TestReadParquet" name="test_preserves_dtypes" time="0.017" /><testcase classname="tests.test_io.TestReadCsv" name="test_reads_csv_correctly" time="0.008" /><testcase classname="tests.test_io.TestReadCsv" name="test_preserves_values" time="0.008" /><testcase classname="tests.test_knowledge_api" name="test_ingest_knowledge_no_db_raises_503" time="0.006" /><testcase classname="tests.test_knowledge_api" name="test_ingest_knowledge_success" time="0.006" /><testcase classname="tests.test_knowledge_api" name="test_ingest_knowledge_all_chunk_creates_fail_returns_400" time="0.007" /><testcase classname="tests.test_knowledge_api" name="test_ingest_knowledge_rate_limited_returns_429" time="0.006" /><testcase classname="tests.test_knowledge_api" name="test_ingest_knowledge_text_rejects_content_base64" time="0.006" /><testcase classname="tests.test_knowledge_api" name="test_ingest_knowledge_text_payload_too_large_returns_413" time="0.006" /><testcase classname="tests.test_knowledge_api" name="test_ingest_knowledge_chunk_limit_returns_413" time="0.006" /><testcase classname="tests.test_knowledge_api" name="test_ingest_knowledge_pdf_requires_content_base64" time="0.006" /><testcase classname="tests.test_knowledge_api" name="test_ingest_knowledge_pdf_mime_validation" time="0.006" /><testcase classname="tests.test_knowledge_api" name="test_knowledge_stats_no_db_returns_503" time="0.006" /><testcase classname="tests.test_knowledge_api" name="test_knowledge_stats_reflects_current_store" time="0.008" /><testcase classname="tests.test_knowledge_api" name="test_list_knowledge_no_db_returns_503" time="0.006" /><testcase classname="tests.test_knowledge_api" name="test_list_knowledge_returns_only_active_when_requested" time="0.006" /><testcase classname="tests.test_knowledge_store" name="test_store_build_fallback_when_tfidf_unavailable" time="0.508" /><testcase classname="tests.test_knowledge_store" name="test_retrieve_by_text_fallback_without_vectorizer" time="0.656" /><testcase classname="tests.test_knowledge_store" name="test_retrieve_by_text_exception_falls_back" time="0.467" /><testcase classname="tests.test_knowledge_store" name="test_retrieve_tag_overlap_and_extract_tags_paths" time="0.400" /><testcase classname="tests.test_knowledge_store" name="test_retrieve_by_customer_fallback_to_tag_scoring" time="0.444" /><testcase classname="tests.test_metrics.TestMetricDefinitions" name="test_request_count_is_counter" time="0.005" /><testcase classname="tests.test_metrics.TestMetricDefinitions" name="test_request_latency_is_histogram" time="0.005" /><testcase classname="tests.test_metrics.TestMetricDefinitions" name="test_inference_rows_is_counter" time="0.005" /><testcase classname="tests.test_metrics.TestMetricDefinitions" name="test_inference_errors_is_counter" time="0.005" /><testcase classname="tests.test_metrics.TestMetricDefinitions" name="test_guest_risk_fallback_is_counter" time="0.005" /><testcase classname="tests.test_metrics.TestMetricDefinitions" name="test_model_auc_is_gauge" time="0.005" /><testcase classname="tests.test_metrics.TestMetricDefinitions" name="test_psi_score_is_gauge" time="0.007" /><testcase classname="tests.test_metrics.TestMetricDefinitions" name="test_action_rate_is_gauge" time="0.004" /><testcase classname="tests.test_metrics.TestMetricDefinitions" name="test_label_drift_is_gauge" time="0.004" /><testcase classname="tests.test_metrics.TestKnowledgeMetrics" name="test_retrieval_total" time="0.004" /><testcase classname="tests.test_metrics.TestKnowledgeMetrics" name="test_retrieval_empty" time="0.005" /><testcase classname="tests.test_metrics.TestKnowledgeMetrics" name="test_hit_count_histogram" time="0.005" /><testcase classname="tests.test_metrics.TestKnowledgeMetrics" name="test_similarity_score_histogram" time="0.004" /><testcase classname="tests.test_metrics.TestRenderMetrics" name="test_returns_bytes_and_content_type" time="0.017" /><testcase classname="tests.test_metrics.TestRenderMetrics" name="test_contains_metric_names" time="0.017" /><testcase classname="tests.test_monitoring" name="test_data_drift_report_structure" time="0.009" /><testcase classname="tests.test_monitoring" name="test_prediction_drift_report_basic" time="0.004" /><testcase classname="tests.test_monitoring" name="test_build_alerts_profit_drop_and_action_rate" time="0.004" /><testcase classname="tests.test_monitoring" name="test_build_alerts_data_volume_anomaly_sets_any_alert" time="0.004" /><testcase classname="tests.test_monitoring" name="test_outcome_monitoring_report_happy_path" time="0.010" /><testcase classname="tests.test_monitoring" name="test_outcome_monitoring_report_missing_actual_column" time="0.006" /><testcase classname="tests.test_monitoring" name="test_safe_hist_zero_total_returns_uniform" time="0.007" /><testcase classname="tests.test_monitoring" name="test_psi_numeric_empty_and_fallback_edges" time="0.008" /><testcase classname="tests.test_monitoring" name="test_psi_categorical_empty_and_prediction_drift_empty" time="0.015" /><testcase classname="tests.test_monitoring" name="test_outcome_monitoring_report_zero_rows" time="0.006" /><testcase classname="tests.test_policy" name="test_threshold_only_policy" time="0.005" /><testcase classname="tests.test_policy" name="test_top_k_constraint_applies" time="0.006" /><testcase classname="tests.test_policy" name="test_ranking_scores_override_proba_for_top_k" time="0.005" /><testcase classname="tests.test_policy_extended.TestLoadDecisionPolicy" name="test_file_not_found_raises" time="0.006" /><testcase classname="tests.test_policy_extended.TestLoadDecisionPolicy" name="test_bad_status_raises" time="0.007" /><testcase classname="tests.test_policy_extended.TestLoadDecisionPolicy" name="test_invalid_threshold_raises" time="0.006" /><testcase classname="tests.test_policy_extended.TestLoadDecisionPolicy" name="test_invalid_max_action_rate_raises" time="0.006" /><testcase classname="tests.test_policy_extended.TestLoadDecisionPolicy" name="test_valid_policy_loads" time="0.006" /><testcase classname="tests.test_policy_extended.TestLoadDecisionPolicy" name="test_none_max_action_rate_allowed" time="0.006" /><testcase classname="tests.test_policy_extended.TestDecideActionsEdgeCases" name="test_invalid_proba_dimension_raises" time="0.004" /><testcase classname="tests.test_policy_extended.TestDecideActionsEdgeCases" name="test_invalid_threshold_in_decide_raises" time="0.004" /><testcase classname="tests.test_policy_extended.TestDecideActionsEdgeCases" name="test_invalid_max_action_rate_in_decide_raises" time="0.005" /><testcase classname="tests.test_policy_extended.TestDecideActionsEdgeCases" name="test_ranking_scores_shape_mismatch_raises" time="0.004" /><testcase classname="tests.test_policy_extended.TestDecideActionsEdgeCases" name="test_negative_ranking_scores_block_action" time="0.004" /><testcase classname="tests.test_policy_extended.TestDecideActionsEdgeCases" name="test_k_zero_returns_all_zeros" time="0.004" /><testcase classname="tests.test_policy_extended.TestDecideActionsEdgeCases" name="test_eligible_leq_k_no_truncation" time="0.004" /><testcase classname="tests.test_policy_extended.TestDecideActionsEdgeCases" name="test_no_eligible_after_ranking_filter" time="0.004" /><testcase classname="tests.test_policy_extended.TestApplyWrappers" name="test_apply_policy_to_proba_delegates" time="0.003" /><testcase classname="tests.test_policy_extended.TestApplyWrappers" name="test_apply_alias_same_result" time="0.003" /><testcase classname="tests.test_policy_extended.TestApplyWrappers" name="test_apply_with_max_action_rate" time="0.009" /><testcase classname="tests.test_policy_extended.TestIncrementalProfitScores" name="test_returns_none_for_proba_mode" time="0.005" /><testcase classname="tests.test_policy_extended.TestIncrementalProfitScores" name="test_returns_none_when_ranking_mode_absent" time="0.005" /><testcase classname="tests.test_policy_extended.TestIncrementalProfitScores" name="test_computes_scores_without_segment" time="0.005" /><testcase classname="tests.test_policy_extended.TestIncrementalProfitScores" name="test_segment_column_varies_tp_value" time="0.007" /><testcase classname="tests.test_policy_extended.TestIncrementalProfitScores" name="test_missing_segment_column_raises" time="0.006" /><testcase classname="tests.test_policy_extended.TestIncrementalProfitScores" name="test_fallback_to_cost_matrix_values" time="0.006" /><testcase classname="tests.test_predict_full.TestLoadFeatureSpec" name="test_file_not_found_raises" time="0.005" /><testcase classname="tests.test_predict_full.TestLoadFeatureSpec" name="test_invalid_spec_missing_keys" time="0.007" /><testcase classname="tests.test_predict_full.TestLoadFeatureSpec" name="test_valid_spec_returns_dict" time="0.007" /><testcase classname="tests.test_predict_full.TestValidateAndPrepareExtras" name="test_numeric_cast_failure_raises" time="0.017" /><testcase classname="tests.test_predict_full.TestValidateAndPrepareExtras" name="test_fail_on_missing_false_fills_nan" time="0.020" /><testcase classname="tests.test_predict_full.TestValidateAndPrepareExtras" name="test_categorical_non_object_gets_coerced" time="0.016" /><testcase classname="tests.test_predict_full.TestPredictWithPolicy" name="test_returns_dataframe_and_report" time="0.014" /><testcase classname="tests.test_predict_full.TestPredictWithPolicy" name="test_action_column_respects_threshold" time="0.014" /><testcase classname="tests.test_predict_full.TestPredictWithPolicy" name="test_report_contains_required_keys" time="0.016" /><testcase classname="tests.test_predict_full.TestPredictWithPolicy" name="test_model_used_default_from_policy" time="0.016" /><testcase classname="tests.test_predict_full.TestPredictWithPolicy" name="test_with_max_action_rate_constraint" time="0.018" /><testcase classname="tests.test_predict_full.TestPredictWithPolicy" name="test_extra_columns_ignored_in_output" time="0.019" /><testcase classname="tests.test_preprocess.TestLabelMapping" name="test_maps_yes_no_to_int" time="0.010" /><testcase classname="tests.test_preprocess.TestLabelMapping" name="test_case_insensitive_mapping" time="0.010" /><testcase classname="tests.test_preprocess.TestLabelMapping" name="test_unknown_label_raises" time="0.008" /><testcase classname="tests.test_preprocess.TestLeakageDrop" name="test_drops_specified_columns" time="0.013" /><testcase classname="tests.test_preprocess.TestLeakageDrop" name="test_drops_extra_blocked_columns" time="0.009" /><testcase classname="tests.test_preprocess.TestLeakageDrop" name="test_ignores_nonexistent_drop_cols" time="0.008" /><testcase classname="tests.test_preprocess.TestEmptyColumnDrop" name="test_drops_all_nan_column" time="0.010" /><testcase classname="tests.test_preprocess.TestEmptyColumnDrop" name="test_keeps_column_with_some_values" time="0.009" /><testcase classname="tests.test_preprocess.TestMissingFill" name="test_numeric_missing_filled_with_median" time="0.008" /><testcase classname="tests.test_preprocess.TestMissingFill" name="test_categorical_missing_filled_with_mode" time="0.009" /><testcase classname="tests.test_preprocess.TestColumnNormalization" name="test_strips_whitespace_from_column_names" time="0.008" /><testcase classname="tests.test_rate_limit" name="test_inmemory_rate_limiter_blocks_after_limit" time="0.004" /><testcase classname="tests.test_rate_limit" name="test_build_rate_limiter_falls_back_to_memory_without_redis_url" time="0.146" /><testcase classname="tests.test_rate_limit" name="test_redis_rate_limiter_allows_under_limit" time="0.004" /><testcase classname="tests.test_rate_limit" name="test_redis_rate_limiter_blocks_at_limit" time="0.003" /><testcase classname="tests.test_rate_limit_extended" name="test_inmemory_evict_stale_locked_and_allow_trigger" time="0.004" /><testcase classname="tests.test_rate_limit_extended" name="test_build_rate_limiter_redis_success" time="0.004" /><testcase classname="tests.test_schema_validation" name="test_missing_columns_fail_fast" time="0.014" /><testcase classname="tests.test_schema_validation" name="test_extra_columns_are_ignored_and_order_frozen" time="0.020" /><testcase classname="tests.test_split.TestStratifiedSplit" name="test_split_sizes_match_ratio" time="0.008" /><testcase classname="tests.test_split.TestStratifiedSplit" name="test_no_row_overlap" time="0.039" /><testcase classname="tests.test_split.TestStratifiedSplit" name="test_all_rows_preserved" time="0.007" /><testcase classname="tests.test_split.TestStratifiedSplit" name="test_stratification_preserves_class_ratio" time="0.006" /><testcase classname="tests.test_split.TestStratifiedSplit" name="test_seed_determinism" time="0.010" /><testcase classname="tests.test_split.TestStratifiedSplit" name="test_different_seed_gives_different_split" time="0.009" /><testcase classname="tests.test_split.TestSplitCLI" name="test_cmd_split_creates_all_files" time="0.064" /><testcase classname="tests.test_split.TestSplitCLI" name="test_no_row_overlap_across_splits" time="0.035" /><testcase classname="tests.test_split.TestSplitCLI" name="test_stratification_preserved_in_all_splits" time="0.047" /><testcase classname="tests.test_tracing.TestTracingDisabled" name="test_otel_disabled_by_default" time="0.008" /><testcase classname="tests.test_tracing.TestTracingDisabled" name="test_otel_enabled_env_var" time="0.013" /><testcase classname="tests.test_tracing.TestTracingDisabled" name="test_init_tracing_disabled_sets_initialized" time="0.008" /><testcase classname="tests.test_tracing.TestTracingDisabled" name="test_init_tracing_idempotent" time="0.008" /><testcase classname="tests.test_tracing.TestTracingDisabled" name="test_get_tracer_returns_none_when_not_initialized" time="0.006" /><testcase classname="tests.test_tracing.TestTracingDisabled" name="test_trace_span_noop_when_no_tracer" time="0.006" /><testcase classname="tests.test_tracing.TestTracingDisabled" name="test_trace_span_with_attributes_noop" time="0.006" /><testcase classname="tests.test_tracing.TestTracingDisabled" name="test_trace_inference_noop_when_no_tracer" time="0.007" /><testcase classname="tests.test_tracing.TestTracingDisabled" name="test_add_span_event_noop_when_no_otel" time="0.007" /><testcase classname="tests.test_tracing.TestTracingDisabled" name="test_set_span_attribute_noop_when_no_otel" time="0.006" /><testcase classname="tests.test_tracing.TestTracingDisabled" name="test_instrument_fastapi_noop_when_disabled" time="0.010" /><testcase classname="tests.test_tracing.TestTracingEnabled" name="test_trace_span_with_mock_tracer" time="0.008" /><testcase classname="tests.test_tracing.TestTracingEnabled" name="test_trace_inference_creates_span" time="0.009" /><testcase classname="tests.test_tracing.TestTracingEnabled" name="test_add_span_event_with_active_span" time="0.007" /><testcase classname="tests.test_tracing.TestTracingEnabled" name="test_set_span_attribute_with_active_span" time="0.006" /><testcase classname="tests.test_tracing.TestTracingEnabled" name="test_trace_span_exception_yields_none" time="0.006" /><testcase classname="tests.test_tracing.TestTracingEnabled" name="test_init_tracing_otel_import_error" time="0.006" /><testcase classname="tests.test_tracing_extended" name="test_init_tracing_success" time="0.005" /><testcase classname="tests.test_tracing_extended" name="test_instrument_fastapi_success" time="0.005" /><testcase classname="tests.test_tracing_extended" name="test_get_tracer_import_success" time="0.004" /><testcase classname="tests.test_tracing_extended" name="test_trace_span_and_trace_inference_with_attributes" time="0.008" /><testcase classname="tests.test_tracing_extended" name="test_add_event_and_set_attribute_recording_and_not_recording" time="0.008" /><testcase classname="tests.test_tracing_extended" name="test_trace_helpers_tolerate_internal_errors" time="0.004" /><testcase classname="tests.test_tracing_extended" name="test_init_tracing_runtime_exception_branch" time="0.004" /><testcase classname="tests.test_tracing_extended" name="test_instrument_fastapi_import_and_runtime_error_branches" time="0.008" /><testcase classname="tests.test_train" name="test_train_candidate_models_baseline_only" time="0.082" /><testcase classname="tests.test_train" name="test_train_candidate_models_with_challenger" time="0.473" /><testcase classname="tests.test_train" name="test_train_baseline_wrapper" time="0.083" /><testcase classname="tests.test_train_extended" name="test_build_model_pipeline_structure" time="0.005" /><testcase classname="tests.test_train_extended" name="test_build_first_available_challenger_xgboost" time="0.005" /><testcase classname="tests.test_train_extended" name="test_build_first_available_challenger_lightgbm" time="0.005" /><testcase classname="tests.test_train_extended" name="test_build_first_available_challenger_catboost" time="0.006" /><testcase classname="tests.test_train_extended" name="test_build_first_available_challenger_fallback_histgb" time="0.005" /><testcase classname="tests.test_train_extended" name="test_fit_one_returns_train_result" time="0.006" /><testcase classname="tests.test_user_store.TestUserStoreCRUD" name="test_create_user" time="0.238" /><testcase classname="tests.test_user_store.TestUserStoreCRUD" name="test_create_duplicate_user" time="0.447" /><testcase classname="tests.test_user_store.TestUserStoreCRUD" name="test_get_user_exists" time="0.232" /><testcase classname="tests.test_user_store.TestUserStoreCRUD" name="test_get_user_not_found" time="0.017" /><testcase classname="tests.test_user_store.TestUserStoreCRUD" name="test_list_users" time="0.458" /><testcase classname="tests.test_user_store.TestPasswordManagement" name="test_verify_correct_password" time="0.473" /><testcase classname="tests.test_user_store.TestPasswordManagement" name="test_verify_wrong_password" time="0.438" /><testcase classname="tests.test_user_store.TestPasswordManagement" name="test_verify_nonexistent_user" time="0.022" /><testcase classname="tests.test_user_store.TestPasswordManagement" name="test_hash_password_produces_bcrypt_hash" time="0.225" /><testcase classname="tests.test_user_store.TestPasswordManagement" name="test_hash_password_unique_per_call" time="0.448" /><testcase classname="tests.test_user_store.TestCreateSchema" name="test_idempotent" time="0.272" /><testcase classname="tests.test_user_store.TestModuleLevel" name="test_get_user_store_without_init_raises" time="0.004" /><testcase classname="tests.test_user_store.TestModuleLevel" name="test_init_and_get" time="0.006" /><testcase classname="tests.test_utils" name="test_json_log_formatter_includes_request_id" time="0.006" /><testcase classname="tests.test_utils" name="test_get_logger_plain_and_json_modes" time="0.007" /><testcase classname="tests.test_utils" name="test_set_seed_reproducible" time="0.007" /><testcase classname="tests.test_utils" name="test_sha256_file" time="0.007" /><testcase classname="tests.test_validate.TestBasicSchemaChecks" name="test_passes_on_valid_df" time="0.005" /><testcase classname="tests.test_validate.TestBasicSchemaChecks" name="test_raises_on_empty_dataframe" time="0.005" /><testcase classname="tests.test_validate.TestBasicSchemaChecks" name="test_raises_on_missing_target_column" time="0.007" /><testcase classname="tests.test_validate.TestBasicSchemaChecks" name="test_raises_on_duplicate_columns" time="0.008" /><testcase classname="tests.test_validate.TestValidateTargetLabels" name="test_passes_with_allowed_labels" time="0.006" /><testcase classname="tests.test_validate.TestValidateTargetLabels" name="test_raises_on_unexpected_label" time="0.007" /><testcase classname="tests.test_validate.TestValidateTargetLabels" name="test_handles_case_insensitive" time="0.007" /><testcase classname="tests.test_validate.TestValidateTargetLabels" name="test_handles_whitespace_in_labels" time="0.007" /><testcase classname="tests.test_validate.TestNullRatioReport" name="test_returns_series" time="0.008" /><testcase classname="tests.test_validate.TestNullRatioReport" name="test_highest_ratio_first" time="0.007" /><testcase classname="tests.test_validate.TestNullRatioReport" name="test_zero_nulls" time="0.016" /></testsuite></testsuites>